// Jest Snapshot v1, https://goo.gl/fbAQLP

exports[`ViewRecipe matches  snapshot 1`] = `null`;
