// Jest Snapshot v1, https://goo.gl/fbAQLP

exports[`Createcategory matches  snapshot 1`] = `null`;
