// Jest Snapshot v1, https://goo.gl/fbAQLP

exports[`recipeDisplay matches  snapshot 1`] = `null`;
