// Jest Snapshot v1, https://goo.gl/fbAQLP

exports[`CreateRecipe matches  snapshot 1`] = `null`;
